<html>
<body>
<pre>
<h1>µVision Build Log</h1>
<h2>Project:</h2>
D:\MyFiles-master\ARM\serialreceive\serialreceive.uvproj
Project File Date:  06/17/2020

<h2>Output:</h2>
Build target 'Target 1'
compiling SR.cpp...
SR.cpp(294): warning:  #177-D: variable "k" was declared but never referenced
  char k;
SR.cpp(297): warning:  #177-D: variable "m" was declared but never referenced
        float m;
SR.cpp: 2 warnings, 0 errors
linking...
Program Size: Code=5316 RO-data=32 RW-data=4 ZI-data=1404  
FromELF: creating hex file...
".\serialreceive.axf" - 0 Error(s), 2 Warning(s).
</pre>
</body>
</html>
ZI-data=1408  
FromELF: creating hex file...
".\serialreceive.axf" - 0 Error(s), 3 Warning(s).
