<html>
<body>
<pre>
<h1>µVision Build Log</h1>
<h2>Project:</h2>
D:\MyFiles-master\ARM\Serial\Serial.uvproj
Project File Date:  06/14/2020

<h2>Output:</h2>
Build target 'Target 1'
compiling seriallibrary.cpp...
seriallibrary.cpp(243): warning:  #177-D: variable "zero" was declared but never referenced
        int tem,zero=0;
seriallibrary.cpp: 1 warning, 0 errors
linking...
Program Size: Code=2044 RO-data=32 RW-data=20 ZI-data=1412  
FromELF: creating hex file...
".\Serial.axf" - 0 Error(s), 1 Warning(s).
</pre>
</body>
</html>
