<html>
<body>
<pre>
<h1>µVision Build Log</h1>
<h2>Project:</h2>
D:\MyFiles-master\ARM\Serial\Serial.uvproj
Project File Date:  06/04/2020

<h2>Output:</h2>
Build target 'Target 1'
compiling Serial.c...
linking...
Program Size: Code=1040 RO-data=32 RW-data=4 ZI-data=1260  
FromELF: creating hex file...
".\Serial.axf" - 0 Error(s), 0 Warning(s).
</pre>
</body>
</html>
0  
FromELF: creating hex file...
".\Serial.axf" - 0 Error(s), 1 Warning(s).
O-data=32 RW-data=4 ZI-data=1260  
FromELF: creating hex file...
".\Serial.axf" - 0 Error(s), 2 Warning(s).
